FAIL	./tests/... [setup failed]
FAIL
